// Jest Snapshot v1, https://goo.gl/fbAQLP

exports[`<Radio /> should render and match the snapshot 1`] = `
<div
  class="custom-control custom-radio"
>
  <input
    class="custom-control-input"
    id="ship1"
    name="shipping"
    style="border-color: #000000;"
    type="radio"
    value="2"
  />
  <label
    class="custom-control-label"
    for="ship1"
  >
    Priority Shipping
  </label>
  <div
    class="invalid-feedback mt-4"
    style="display: block; font-size: 16px;"
  />
</div>
`;
